+
--
-a-
----
-----
------
-c#####
------
-----
----
-b-
--
*
+
--
-@-
-a--
-----
------
-c#####
------
-----
----
-b-
--
+
+
--
---
-a--
-----
------
-c#####
------
-----
-b--
-@-
--
+
+
--
---
-@--
-a---
------
-c#####
------
-----
-b--
---
--
+
+
--
---
----
-a---
------
-c#####
------
-b---
-@--
---
--
+
+
--
---
----
-@---
-a----
-c#####
------
-b---
----
---
--
+
+
--
---
----
-@---
-a----
-c#####
------
-b---
----
---
--
+
+
--
---
----
-----
-@a---
-c#####
------
-b---
----
---
--
+
+
--
---
----
-----
--a---
-c#####
------
b@---
----
---
--
+
+
--
---
----
-----
--a---
-c#####
b-----
@----
----
---
--
+
+
--
---
----
-----
--a---
-c#####
b-----
@----
----
---
--
+
+
--
---
----
-----
-ca---
-@#####
b-----
-----
----
---
--
+
+
--
---
----
-----
-ca---
-@#####
b-----
-----
----
---
--
+
+
--
---
----
-c---
-@a---
--#####
b-----
-----
----
---
--
+
+
--
---
----
-c---
--@a--
--#####
b-----
-----
----
---
--
+
+
--
---
----
c@---
---a--
--#####
b-----
-----
----
---
--
+
+
--
---
c---
@----
---a--
--#####
b-----
-----
----
---
--
+
+
--
c--
@---
-----
---a--
--#####
b-----
-----
----
---
--
+
+
c-
@--
----
-----
---a--
--#####
b-----
-----
----
---
--
+
C
@-
---
----
-----
---a--
--#####
b-----
-----
----
---
--
+
+
c-
@--
----
-----
---a--
--#####
b-----
-----
----
---
--
+
