########
#@-----#
#-w--+-#
#--##--#
#--##--#
#-+--p-#
#------#
########
--------
########
#------#
#-@--+-#
#-w##--#
#--##--#
#-+--p-#
#------#
########
--------
########
#------#
#-w--+-#
#-@##--#
#--##--#
#-+--p-#
#------#
########
--------
########
#------#
#-@w-+-#
#--##--#
#--##--#
#-+--p-#
#------#
########
--------
########
#------#
#-w@-+-#
#--##--#
#--##--#
#-+--p-#
#------#
########
--------
########
#------#
#-w--+-#
#--##--#
#--##p-#
#-+--@-#
#------#
########
--------
########
#------#
#-w--+-#
#--##p-#
#--##@-#
#-+----#
#------#
########
--------
########
#------#
#-w--P-#
#--##@-#
#--##--#
#-+----#
#------#
########
--------
########
#------#
#-w-p*-#
#--##--#
#--##--#
#-+----#
#------#
########
--------
########
#------#
#-wp@+-#
#--##--#
#--##--#
#-+----#
#------#
########
--------
########
#------#
#-wp@+-#
#--##--#
#--##--#
#-+----#
#------#
########
--------
########
#------#
#-wp@+-#
#--##--#
#--##--#
#-+----#
#------#
########
--------
########
#------#
#-@p-+-#
#-w##--#
#--##--#
#-+----#
#------#
########
--------
########
#------#
#-wp@+-#
#--##--#
#--##--#
#-+----#
#------#
########
--------
########
#------#
#-w-p*-#
#--##--#
#--##--#
#-+----#
#------#
########
--------
########
#------#
#-w--P-#
#--##@-#
#--##--#
#-+----#
#------#
########
--------
########
#------#
#-w--+-#
#--##p-#
#--##@-#
#-+----#
#------#
########
--------
########
#------#
#-w--+-#
#--##--#
#--##p-#
#-+--@-#
#------#
########
--------
########
#------#
#-w@-+-#
#--##--#
#--##--#
#-+--p-#
#------#
########
--------
########
#------#
#-@w-+-#
#--##--#
#--##--#
#-+--p-#
#------#
########
--------
########
#------#
#--w-+-#
#--##--#
#--##--#
#-+-p@-#
#------#
########
--------
########
#------#
#-@w-+-#
#--##--#
#--##--#
#-+--p-#
#------#
########
--------
########
#------#
#-w--+-#
#-@##--#
#--##--#
#-+--p-#
#------#
########
--------
########
#------#
#-@--+-#
#-w##--#
#--##--#
#-+--p-#
#------#
########
--------
########
#@-----#
#-w--+-#
#--##--#
#--##--#
#-+--p-#
#------#
########
--------
########
#-w----#
#-@--+-#
#--##--#
#--##--#
#-+--p-#
#------#
########
--------
########
#w@----#
#----+-#
#--##--#
#--##--#
#-+--p-#
#------#
########
--------
########
#w-----#
#----+-#
#--##--#
#--##--#
#-+--@-#
#----p-#
########
--------
########
#w-----#
#----+-#
#--##--#
#--##--#
#-+----#
#----@p#
########
--------
