@-------
----b++-
--####--
--#--#--
--#-a#--
--#--#--
--####--
--------
--------
--------
----@B+-
--####--
--#--#--
--#-a#--
--#--#--
--####--
--------
--------
--------
-----*B-
--####--
--#--#--
--#-a#--
--#--#--
--####--
--------
--------
--------
-----+*b
--####--
--#--#--
--#-a#--
--#--#--
--####--
--------
--------
--------
-----+*b
--####--
--#--#--
--#-a#--
--#--#--
--####--
--------
--------
-------b
-----++@
--####--
--#--#--
--#-a#--
--#--#--
--####--
--------
--------
-------b
-----++@
--####--
--#--#--
--#-a#--
--#--#--
--####--
--------
--------
-------b
-----++@
--####--
--#--#--
--#-a#--
--#--#--
--####--
--------
--------
-------b
-----++@
--####--
--#--#--
--#-a#--
--#--#--
--####--
--------
--------
--------
-----+*b
--####--
--#--#--
--#-a#--
--#--#--
--####--
--------
--------
--------
-----*B-
--####--
--#--#--
--#-a#--
--#--#--
--####--
--------
--------
--------
----@B+-
--####--
--#--#--
--#-a#--
--#--#--
--####--
--------
--------
@-------
----b++-
--####--
--#--#--
--#-a#--
--#--#--
--####--
--------
--------
@-------
----b++-
--####--
--#--#--
--#-a#--
--#--#--
--####--
--------
--------
--------
---b@++-
--####--
--#--#--
--#-a#--
--#--#--
--####--
--------
--------
